 virtualBarsMEX_mex

 Timestamp is 51a7bc1c (Thu May 30 16:52:44 2013)

 Preferred load address is 0000000180000000

 Start         Length     Name                   Class
 0001:00000000 000049fcH .text                   CODE
 0001:00004a00 0000007bH .text$x                 CODE
 0002:00000000 000002a0H .idata$5                DATA
 0002:000002a0 00000008H .CRT$XCA                DATA
 0002:000002a8 00000008H .CRT$XCZ                DATA
 0002:000002b0 00000008H .CRT$XIA                DATA
 0002:000002b8 00000008H .CRT$XIAA               DATA
 0002:000002c0 00000008H .CRT$XIC                DATA
 0002:000002c8 00000008H .CRT$XIZ                DATA
 0002:000002d0 00000cc0H .rdata                  DATA
 0002:00000f90 00000008H .rtc$IAA                DATA
 0002:00000f98 00000008H .rtc$IZZ                DATA
 0002:00000fa0 00000008H .rtc$TAA                DATA
 0002:00000fa8 00000008H .rtc$TZZ                DATA
 0002:00000fb0 00000288H .xdata                  DATA
 0002:00001238 00000078H .idata$2                DATA
 0002:000012b0 00000014H .idata$3                DATA
 0002:000012c8 000002a0H .idata$4                DATA
 0002:00001568 0000073aH .idata$6                DATA
 0002:00001cb0 000000d8H .edata                  DATA
 0003:00000000 000004d8H .data                   DATA
 0003:000004e0 000005c8H .bss                    DATA
 0004:00000000 00000228H .pdata                  DATA

  Address         Publics by Value              Rva+Base               Lib:Object

 0000:00000000       ___safe_se_handler_table   0000000000000000     <absolute>
 0000:00000000       ___safe_se_handler_count   0000000000000000     <absolute>
 0000:00000000       __ImageBase                0000000180000000     <linker-defined>
 0001:00000000       virtualBarsMEX_initialize  0000000180001000 f   virtualBarsMEX_initialize.obj
 0001:00000060       virtualBarsMEX_atexit      0000000180001060 f   virtualBarsMEX_terminate.obj
 0001:000000b0       virtualBarsMEX_terminate   00000001800010b0 f   virtualBarsMEX_terminate.obj
 0001:000008c0       virtualBarsMEX             00000001800018c0 f   virtualBarsMEX.obj
 0001:00003030       emlrtMexFcnResolvedFunctionsInfo 0000000180004030 f   virtualBarsMEX_api.obj
 0001:00003900       virtualBarsMEX_api         0000000180004900 f   virtualBarsMEX_api.obj
 0001:00003a30       emxEnsureCapacity          0000000180004a30 f   virtualBarsMEX_emxutil.obj
 0001:00003b40       emxFree_real_T             0000000180004b40 f   virtualBarsMEX_emxutil.obj
 0001:00003b80       b_emxInit_real_T           0000000180004b80 f   virtualBarsMEX_emxutil.obj
 0001:00003b80       emxInit_real_T             0000000180004b80 f   virtualBarsMEX_emxutil.obj
 0001:00003c50       emlrtMexFcnProperties      0000000180004c50 f   virtualBarsMEX_mex.obj
 0001:00003db0       mexFunction                0000000180004db0 f   virtualBarsMEX_mex.obj
 0001:00003e00       virtualBarsMEX_atexit_wrapper 0000000180004e00 f   virtualBarsMEX_mex.obj
 0001:00003f38       mxGetPr                    0000000180004f38 f   libmx:libmx.dll
 0001:00003f3e       mxCreateDoubleScalar       0000000180004f3e f   libmx:libmx.dll
 0001:00003f44       mxCreateString             0000000180004f44 f   libmx:libmx.dll
 0001:00003f4a       mxCreateCharArray_700      0000000180004f4a f   libmx:libmx.dll
 0001:00003f50       mxCreateNumericArray_700   0000000180004f50 f   libmx:libmx.dll
 0001:00003f56       mxGetData                  0000000180004f56 f   libmx:libmx.dll
 0001:00003f5c       mxSetData                  0000000180004f5c f   libmx:libmx.dll
 0001:00003f62       mxSetDimensions_700        0000000180004f62 f   libmx:libmx.dll
 0001:00003f68       mxCreateStructArray_700    0000000180004f68 f   libmx:libmx.dll
 0001:00003f6e       mxCreateNumericMatrix_700  0000000180004f6e f   libmx:libmx.dll
 0001:00003f74       mxSetFieldByNumber_700     0000000180004f74 f   libmx:libmx.dll
 0001:00003f7a       mxCreateStructMatrix_700   0000000180004f7a f   libmx:libmx.dll
 0001:00003f80       mxCreateLogicalMatrix_700  0000000180004f80 f   libmx:libmx.dll
 0001:00003f86       mexAtExit                  0000000180004f86 f   libmex:libmex.dll
 0001:00003f8c       emlrtFirstTimeR2012b       0000000180004f8c f   libemlrt:libemlrt.dll
 0001:00003f92       emlrtClearAllocCountR2012b 0000000180004f92 f   libemlrt:libemlrt.dll
 0001:00003f98       emlrtEnterRtStackR2012b    0000000180004f98 f   libemlrt:libemlrt.dll
 0001:00003f9e       emlrtGetBreakCheckFlagAddressR2012b 0000000180004f9e f   libemlrt:libemlrt.dll
 0001:00003fa4       emlrtCreateRootTLS         0000000180004fa4 f   libemlrt:libemlrt.dll
 0001:00003faa       emlrtLeaveRtStackR2012b    0000000180004faa f   libemlrt:libemlrt.dll
 0001:00003fb0       emlrtDestroyRootTLS        0000000180004fb0 f   libemlrt:libemlrt.dll
 0001:00003fb6       emlrtAlias                 0000000180004fb6 f   libemlrt:libemlrt.dll
 0001:00003fbc       emlrtAssign                0000000180004fbc f   libemlrt:libemlrt.dll
 0001:00003fc2       emlrtDynamicBoundsCheckR2012b 0000000180004fc2 f   libemlrt:libemlrt.dll
 0001:00003fc8       emlrtDestroyArray          0000000180004fc8 f   libemlrt:libemlrt.dll
 0001:00003fce       emlrtIntegerCheckR2012b    0000000180004fce f   libemlrt:libemlrt.dll
 0001:00003fd4       emlrtCallMATLABR2012b      0000000180004fd4 f   libemlrt:libemlrt.dll
 0001:00003fda       emlrtHeapReferenceStackEnterFcnR2012b 0000000180004fda f   libemlrt:libemlrt.dll
 0001:00003fe0       emlrtHeapReferenceStackLeaveFcnR2012b 0000000180004fe0 f   libemlrt:libemlrt.dll
 0001:00003fe6       emlrtInitCharArrayR2013a   0000000180004fe6 f   libemlrt:libemlrt.dll
 0001:00003fec       emlrtDivisionByZeroErrorR2012b 0000000180004fec f   libemlrt:libemlrt.dll
 0001:00003ff2       emlrtPushRtStackR2012b     0000000180004ff2 f   libemlrt:libemlrt.dll
 0001:00003ff8       emlrtPopRtStackR2012b      0000000180004ff8 f   libemlrt:libemlrt.dll
 0001:00003ffe       emlrtBreakCheckR2012b      0000000180004ffe f   libemlrt:libemlrt.dll
 0001:00004004       emlrtDimSizeEqCheckR2012b  0000000180005004 f   libemlrt:libemlrt.dll
 0001:0000400a       emlrtVectorVectorIndexCheckR2012b 000000018000500a f   libemlrt:libemlrt.dll
 0001:00004010       emlrtCheckVsBuiltInR2012b  0000000180005010 f   libemlrt:libemlrt.dll
 0001:00004016       emlrtImportArrayR2011b     0000000180005016 f   libemlrt:libemlrt.dll
 0001:0000401c       emlrtAliasP                000000018000501c f   libemlrt:libemlrt.dll
 0001:00004022       emlrtAddField              0000000180005022 f   libemlrt:libemlrt.dll
 0001:00004028       emlrtNameCapturePostProcessR2012a 0000000180005028 f   libemlrt:libemlrt.dll
 0001:0000402e       emlrtCheckBuiltInR2012b    000000018000502e f   libemlrt:libemlrt.dll
 0001:00004034       emlrtSizeMulR2012b         0000000180005034 f   libemlrt:libemlrt.dll
 0001:0000403a       emlrtMallocMex             000000018000503a f   libemlrt:libemlrt.dll
 0001:00004040       emlrtCallocMex             0000000180005040 f   libemlrt:libemlrt.dll
 0001:00004046       emlrtFreeMex               0000000180005046 f   libemlrt:libemlrt.dll
 0001:0000404c       emlrtPushHeapReferenceStackR2012b 000000018000504c f   libemlrt:libemlrt.dll
 0001:00004052       emlrtHeapAllocationErrorR2012b 0000000180005052 f   libemlrt:libemlrt.dll
 0001:00004058       emlrtReturnArrayR2009a     0000000180005058 f   libemlrt:libemlrt.dll
 0001:0000405e       emlrtErrMsgIdAndTxt        000000018000505e f   libemlrt:libemlrt.dll
 0001:00004064       muDoubleScalarFloor        0000000180005064 f   libmwmathutil:libmwmathutil.dll
 0001:0000406c       __GSHandlerCheck           000000018000506c f   MSVCRT:gshandler.obj
 0001:0000408c       __GSHandlerCheckCommon     000000018000508c f   MSVCRT:gshandler.obj
 0001:00004100       __security_check_cookie    0000000180005100 f   MSVCRT:amdsecgs.obj
 0001:00004120       memcpy                     0000000180005120 f   MSVCRT:MSVCR110.dll
 0001:00004188       _CRT_INIT                  0000000180005188 f   MSVCRT:crtdll.obj
 0001:000043d4       _DllMainCRTStartup         00000001800053d4 f   MSVCRT:crtdll.obj
 0001:0000454c       __raise_securityfailure    000000018000554c f   MSVCRT:gs_report.obj
 0001:00004598       __report_gsfailure         0000000180005598 f   MSVCRT:gs_report.obj
 0001:0000466a       __CppXcptFilter            000000018000566a f   MSVCRT:MSVCR110.dll
 0001:00004670       _amsg_exit                 0000000180005670 f   MSVCRT:MSVCR110.dll
 0001:00004680       _FindPESection             0000000180005680 f   MSVCRT:pesect.obj
 0001:000046d0       _IsNonwritableInCurrentImage 00000001800056d0 f   MSVCRT:pesect.obj
 0001:00004720       _ValidateImageBase         0000000180005720 f   MSVCRT:pesect.obj
 0001:00004750       __atonexitinit             0000000180005750 f   MSVCRT:atonexit.obj
 0001:000047a0       _onexit                    00000001800057a0 f   MSVCRT:atonexit.obj
 0001:00004850       atexit                     0000000180005850 f   MSVCRT:atonexit.obj
 0001:00004868       __security_init_cookie     0000000180005868 f   MSVCRT:gs_support.obj
 0001:00004914       DllMain                    0000000180005914 f   MSVCRT:dllmain.obj
 0001:00004938       _RTC_Initialize            0000000180005938 f   MSVCRT:initsect.obj
 0001:00004970       _RTC_Terminate             0000000180005970 f   MSVCRT:initsect.obj
 0001:000049a8       _initterm                  00000001800059a8 f   MSVCRT:MSVCR110.dll
 0001:000049ae       _initterm_e                00000001800059ae f   MSVCRT:MSVCR110.dll
 0001:000049b4       __clean_type_info_names    00000001800059b4 f   MSVCRT:tncleanup.obj
 0001:000049c0       __C_specific_handler       00000001800059c0 f   MSVCRT:MSVCR110.dll
 0001:000049c6       __crt_debugger_hook        00000001800059c6 f   MSVCRT:MSVCR110.dll
 0001:000049cc       __crtUnhandledException    00000001800059cc f   MSVCRT:MSVCR110.dll
 0001:000049d2       __crtTerminateProcess      00000001800059d2 f   MSVCRT:MSVCR110.dll
 0001:000049d8       __crtCapturePreviousContext 00000001800059d8 f   MSVCRT:MSVCR110.dll
 0001:000049de       _lock                      00000001800059de f   MSVCRT:MSVCR110.dll
 0001:000049e4       _unlock                    00000001800059e4 f   MSVCRT:MSVCR110.dll
 0001:000049ea       __dllonexit                00000001800059ea f   MSVCRT:MSVCR110.dll
 0001:000049f0       __clean_type_info_names_internal 00000001800059f0 f   MSVCRT:MSVCR110.dll
 0001:000049f6       IsProcessorFeaturePresent  00000001800059f6 f   kernel32:KERNEL32.dll
 0002:00000000       __imp_DisableThreadLibraryCalls 0000000180006000     kernel32:KERNEL32.dll
 0002:00000008       __imp_GetSystemTimeAsFileTime 0000000180006008     kernel32:KERNEL32.dll
 0002:00000010       __imp_GetCurrentThreadId   0000000180006010     kernel32:KERNEL32.dll
 0002:00000018       __imp_GetCurrentProcessId  0000000180006018     kernel32:KERNEL32.dll
 0002:00000020       __imp_QueryPerformanceCounter 0000000180006020     kernel32:KERNEL32.dll
 0002:00000028       __imp_IsProcessorFeaturePresent 0000000180006028     kernel32:KERNEL32.dll
 0002:00000030       __imp_IsDebuggerPresent    0000000180006030     kernel32:KERNEL32.dll
 0002:00000038       __imp_DecodePointer        0000000180006038     kernel32:KERNEL32.dll
 0002:00000040       __imp_EncodePointer        0000000180006040     kernel32:KERNEL32.dll
 0002:00000048       \177KERNEL32_NULL_THUNK_DATA 0000000180006048     kernel32:KERNEL32.dll
 0002:00000050       __imp___clean_type_info_names_internal 0000000180006050     MSVCRT:MSVCR110.dll
 0002:00000058       __imp__onexit              0000000180006058     MSVCRT:MSVCR110.dll
 0002:00000060       __imp___dllonexit          0000000180006060     MSVCRT:MSVCR110.dll
 0002:00000068       __imp__calloc_crt          0000000180006068     MSVCRT:MSVCR110.dll
 0002:00000070       __imp__unlock              0000000180006070     MSVCRT:MSVCR110.dll
 0002:00000078       __imp__lock                0000000180006078     MSVCRT:MSVCR110.dll
 0002:00000080       __imp___crtTerminateProcess 0000000180006080     MSVCRT:MSVCR110.dll
 0002:00000088       __imp___crtUnhandledException 0000000180006088     MSVCRT:MSVCR110.dll
 0002:00000090       __imp___crt_debugger_hook  0000000180006090     MSVCRT:MSVCR110.dll
 0002:00000098       __imp___C_specific_handler 0000000180006098     MSVCRT:MSVCR110.dll
 0002:000000a0       __imp__initterm_e          00000001800060a0     MSVCRT:MSVCR110.dll
 0002:000000a8       __imp__initterm            00000001800060a8     MSVCRT:MSVCR110.dll
 0002:000000b0       __imp__malloc_crt          00000001800060b0     MSVCRT:MSVCR110.dll
 0002:000000b8       __imp_free                 00000001800060b8     MSVCRT:MSVCR110.dll
 0002:000000c0       __imp__amsg_exit           00000001800060c0     MSVCRT:MSVCR110.dll
 0002:000000c8       __imp___CppXcptFilter      00000001800060c8     MSVCRT:MSVCR110.dll
 0002:000000d0       __imp_memcpy               00000001800060d0     MSVCRT:MSVCR110.dll
 0002:000000d8       __imp___crtCapturePreviousContext 00000001800060d8     MSVCRT:MSVCR110.dll
 0002:000000e0       \177MSVCR110_NULL_THUNK_DATA 00000001800060e0     MSVCRT:MSVCR110.dll
 0002:000000e8       __imp_emlrtHeapReferenceStackLeaveFcnR2012b 00000001800060e8     libemlrt:libemlrt.dll
 0002:000000f0       __imp_emlrtInitCharArrayR2013a 00000001800060f0     libemlrt:libemlrt.dll
 0002:000000f8       __imp_emlrtDivisionByZeroErrorR2012b 00000001800060f8     libemlrt:libemlrt.dll
 0002:00000100       __imp_emlrtHeapReferenceStackEnterFcnR2012b 0000000180006100     libemlrt:libemlrt.dll
 0002:00000108       __imp_emlrtPopRtStackR2012b 0000000180006108     libemlrt:libemlrt.dll
 0002:00000110       __imp_emlrtBreakCheckR2012b 0000000180006110     libemlrt:libemlrt.dll
 0002:00000118       __imp_emlrtDimSizeEqCheckR2012b 0000000180006118     libemlrt:libemlrt.dll
 0002:00000120       __imp_emlrtVectorVectorIndexCheckR2012b 0000000180006120     libemlrt:libemlrt.dll
 0002:00000128       __imp_emlrtCheckVsBuiltInR2012b 0000000180006128     libemlrt:libemlrt.dll
 0002:00000130       __imp_emlrtImportArrayR2011b 0000000180006130     libemlrt:libemlrt.dll
 0002:00000138       __imp_emlrtAliasP          0000000180006138     libemlrt:libemlrt.dll
 0002:00000140       __imp_emlrtAddField        0000000180006140     libemlrt:libemlrt.dll
 0002:00000148       __imp_emlrtNameCapturePostProcessR2012a 0000000180006148     libemlrt:libemlrt.dll
 0002:00000150       __imp_emlrtCheckBuiltInR2012b 0000000180006150     libemlrt:libemlrt.dll
 0002:00000158       __imp_emlrtSizeMulR2012b   0000000180006158     libemlrt:libemlrt.dll
 0002:00000160       __imp_emlrtMallocMex       0000000180006160     libemlrt:libemlrt.dll
 0002:00000168       __imp_emlrtCallocMex       0000000180006168     libemlrt:libemlrt.dll
 0002:00000170       __imp_emlrtFreeMex         0000000180006170     libemlrt:libemlrt.dll
 0002:00000178       __imp_emlrtPushHeapReferenceStackR2012b 0000000180006178     libemlrt:libemlrt.dll
 0002:00000180       __imp_emlrtHeapAllocationErrorR2012b 0000000180006180     libemlrt:libemlrt.dll
 0002:00000188       __imp_emlrtReturnArrayR2009a 0000000180006188     libemlrt:libemlrt.dll
 0002:00000190       __imp_emlrtErrMsgIdAndTxt  0000000180006190     libemlrt:libemlrt.dll
 0002:00000198       __imp_emlrtCallMATLABR2012b 0000000180006198     libemlrt:libemlrt.dll
 0002:000001a0       __imp_emlrtIntegerCheckR2012b 00000001800061a0     libemlrt:libemlrt.dll
 0002:000001a8       __imp_emlrtDestroyArray    00000001800061a8     libemlrt:libemlrt.dll
 0002:000001b0       __imp_emlrtDynamicBoundsCheckR2012b 00000001800061b0     libemlrt:libemlrt.dll
 0002:000001b8       __imp_emlrtAssign          00000001800061b8     libemlrt:libemlrt.dll
 0002:000001c0       __imp_emlrtAlias           00000001800061c0     libemlrt:libemlrt.dll
 0002:000001c8       __imp_emlrtDestroyRootTLS  00000001800061c8     libemlrt:libemlrt.dll
 0002:000001d0       __imp_emlrtLeaveRtStackR2012b 00000001800061d0     libemlrt:libemlrt.dll
 0002:000001d8       __imp_emlrtCreateRootTLS   00000001800061d8     libemlrt:libemlrt.dll
 0002:000001e0       __imp_emlrtGetBreakCheckFlagAddressR2012b 00000001800061e0     libemlrt:libemlrt.dll
 0002:000001e8       __imp_emlrtEnterRtStackR2012b 00000001800061e8     libemlrt:libemlrt.dll
 0002:000001f0       __imp_emlrtClearAllocCountR2012b 00000001800061f0     libemlrt:libemlrt.dll
 0002:000001f8       __imp_emlrtFirstTimeR2012b 00000001800061f8     libemlrt:libemlrt.dll
 0002:00000200       __imp_emlrtPushRtStackR2012b 0000000180006200     libemlrt:libemlrt.dll
 0002:00000208       \177libemlrt_NULL_THUNK_DATA 0000000180006208     libemlrt:libemlrt.dll
 0002:00000210       __imp_mexAtExit            0000000180006210     libmex:libmex.dll
 0002:00000218       \177libmex_NULL_THUNK_DATA 0000000180006218     libmex:libmex.dll
 0002:00000220       __imp_muDoubleScalarFloor  0000000180006220     libmwmathutil:libmwmathutil.dll
 0002:00000228       \177libmwmathutil_NULL_THUNK_DATA 0000000180006228     libmwmathutil:libmwmathutil.dll
 0002:00000230       __imp_mxCreateLogicalMatrix_700 0000000180006230     libmx:libmx.dll
 0002:00000238       __imp_mxCreateStructMatrix_700 0000000180006238     libmx:libmx.dll
 0002:00000240       __imp_mxSetFieldByNumber_700 0000000180006240     libmx:libmx.dll
 0002:00000248       __imp_mxCreateNumericMatrix_700 0000000180006248     libmx:libmx.dll
 0002:00000250       __imp_mxCreateStructArray_700 0000000180006250     libmx:libmx.dll
 0002:00000258       __imp_mxSetDimensions_700  0000000180006258     libmx:libmx.dll
 0002:00000260       __imp_mxSetData            0000000180006260     libmx:libmx.dll
 0002:00000268       __imp_mxGetData            0000000180006268     libmx:libmx.dll
 0002:00000270       __imp_mxCreateNumericArray_700 0000000180006270     libmx:libmx.dll
 0002:00000278       __imp_mxCreateCharArray_700 0000000180006278     libmx:libmx.dll
 0002:00000280       __imp_mxCreateString       0000000180006280     libmx:libmx.dll
 0002:00000288       __imp_mxCreateDoubleScalar 0000000180006288     libmx:libmx.dll
 0002:00000290       __imp_mxGetPr              0000000180006290     libmx:libmx.dll
 0002:00000298       \177libmx_NULL_THUNK_DATA  0000000180006298     libmx:libmx.dll
 0002:000002a0       __xc_a                     00000001800062a0     MSVCRT:cinitexe.obj
 0002:000002a8       __xc_z                     00000001800062a8     MSVCRT:cinitexe.obj
 0002:000002b0       __xi_a                     00000001800062b0     MSVCRT:cinitexe.obj
 0002:000002c8       __xi_z                     00000001800062c8     MSVCRT:cinitexe.obj
 0002:000002d0       ??_C@_0BP@OEONONCM@eml_int_forloop_overflow_check?$AA@ 00000001800062d0     virtualBarsMEX_data.obj
 0002:000002f0       ??_C@_0FL@PMFAFPFJ@C?3?1Program?5Files?1MATLAB?1R2013a?1t@ 00000001800062f0     virtualBarsMEX_data.obj
 0002:00000350       ??_C@_0P@LEOLOKH@virtualBarsMEX?$AA@ 0000000180006350     virtualBarsMEX.obj
 0002:00000360       ??_C@_0DJ@PEKBOHAL@G?3?1openAlgo?1MatLab?1MEX?1M?1virtual@ 0000000180006360     virtualBarsMEX.obj
 0002:000003a0       ??_C@_0BE@BNDDFGBF@eml_null_assignment?$AA@ 00000001800063a0     virtualBarsMEX.obj
 0002:000003c0       ??_C@_0FA@PCIHANLI@C?3?1Program?5Files?1MATLAB?1R2013a?1t@ 00000001800063c0     virtualBarsMEX.obj
 0002:00000410       ??_C@_05KKCIMGE@error?$AA@ 0000000180006410     virtualBarsMEX.obj
 0002:00000420       ??_C@_0ED@FJNJHCOJ@C?3?1Program?5Files?1MATLAB?1R2013a?1t@ 0000000180006420     virtualBarsMEX.obj
 0002:00000464       ??_C@_05JPFANOMC@lTemp?$AA@ 0000000180006464     virtualBarsMEX.obj
 0002:0000046c       ??_C@_05EMBJMNE@hTemp?$AA@ 000000018000646c     virtualBarsMEX.obj
 0002:00000474       ??_C@_04PJOLNDGD@data?$AA@ 0000000180006474     virtualBarsMEX.obj
 0002:00000520       ??_C@_0BC@DHBLDLOI@Assertion?5failed?4?$AA@ 0000000180006520     virtualBarsMEX.obj
 0002:00000534       ??_C@_06BNJCAIGJ@double?$AA@ 0000000180006534     virtualBarsMEX.obj
 0002:00000540       ??_C@_07ONPBMBOP@message?$AA@ 0000000180006540     virtualBarsMEX.obj
 0002:00000548       ??_C@_08DMAMFJLP@slidefun?$AA@ 0000000180006548     virtualBarsMEX.obj
 0002:00000558       __real@3ff0000000000000    0000000180006558     virtualBarsMEX.obj
 0002:00000560       ??_C@_0BD@DPEDDJGH@virtualBarsMEX_api?$AA@ 0000000180006560     virtualBarsMEX_api.obj
 0002:00000573       ??_C@_00CNPNBAHC@?$AA@     0000000180006573     virtualBarsMEX_api.obj
 0002:00000580       ??_C@_0DM@FAEHNCOP@?$FLE?$FNG?3?1openAlgo?1MatLab?1MEX?1M?1virt@ 0000000180006580     virtualBarsMEX_api.obj
 0002:000005bc       ??_C@_06IJDLPEM@length?$AA@ 00000001800065bc     virtualBarsMEX_api.obj
 0002:000005c8       ??_C@_0DJ@HMGCMLEI@?$FLILXE?$FN$matlabroot$?1toolbox?1eml?1l@ 00000001800065c8     virtualBarsMEX_api.obj
 0002:00000610       ??_C@_0ED@LCKCOCGE@?$FLILXE?$FN$matlabroot$?1toolbox?1eml?1l@ 0000000180006610     virtualBarsMEX_api.obj
 0002:00000658       ??_C@_0BA@LGKKDMEL@eml_index_class?$AA@ 0000000180006658     virtualBarsMEX_api.obj
 0002:00000670       ??_C@_0EA@GLIAMHNI@?$FLILXE?$FN$matlabroot$?1toolbox?1eml?1l@ 0000000180006670     virtualBarsMEX_api.obj
 0002:000006b0       ??_C@_0BN@EIMLBOBO@coder?4internal?4indexIntRelop?$AA@ 00000001800066b0     virtualBarsMEX_api.obj
 0002:000006d0       ??_C@_0EO@OCDIBMGI@?$FLIXE?$FN$matlabroot$?1toolbox?1shared@ 00000001800066d0     virtualBarsMEX_api.obj
 0002:00000720       ??_C@_0HB@PKGEOBOK@?$FLIXE?$FN$matlabroot$?1toolbox?1shared@ 0000000180006720     virtualBarsMEX_api.obj
 0002:00000798       ??_C@_0BA@PBHEJPIB@eml_float_model?$AA@ 0000000180006798     virtualBarsMEX_api.obj
 0002:000007a8       ??_C@_04ENMBGAPA@char?$AA@ 00000001800067a8     virtualBarsMEX_api.obj
 0002:000007b0       ??_C@_0EA@BFEKENJA@?$FLILXE?$FN$matlabroot$?1toolbox?1eml?1l@ 00000001800067b0     virtualBarsMEX_api.obj
 0002:000007f0       ??_C@_0GG@OHNAOPF@?$FLIXE?$FN$matlabroot$?1toolbox?1shared@ 00000001800067f0     virtualBarsMEX_api.obj
 0002:00000858       ??_C@_06DHCFJIMK@intmin?$AA@ 0000000180006858     virtualBarsMEX_api.obj
 0002:00000860       ??_C@_0DJ@LELBHOFI@?$FLILXE?$FN$matlabroot$?1toolbox?1eml?1l@ 0000000180006860     virtualBarsMEX_api.obj
 0002:000008a0       ??_C@_08GNEFHMND@mrdivide?$AA@ 00000001800068a0     virtualBarsMEX_api.obj
 0002:000008b0       ??_C@_0DJ@LGGCAFOA@?$FLILXE?$FN$matlabroot$?1toolbox?1eml?1l@ 00000001800068b0     virtualBarsMEX_api.obj
 0002:000008f0       ??_C@_07EDECNBOH@rdivide?$AA@ 00000001800068f0     virtualBarsMEX_api.obj
 0002:000008f8       ??_C@_0DI@ECPGNJBG@?$FLILXE?$FN$matlabroot$?1toolbox?1eml?1l@ 00000001800068f8     virtualBarsMEX_api.obj
 0002:00000930       ??_C@_0BH@LFDIDDBI@eml_scalexp_compatible?$AA@ 0000000180006930     virtualBarsMEX_api.obj
 0002:00000950       ??_C@_0EH@ELBOGDPJ@?$FLILXE?$FN$matlabroot$?1toolbox?1eml?1l@ 0000000180006950     virtualBarsMEX_api.obj
 0002:00000998       ??_C@_07KHOFHKNM@eml_div?$AA@ 0000000180006998     virtualBarsMEX_api.obj
 0002:000009a0       ??_C@_0DI@GANAMGFL@?$FLILXE?$FN$matlabroot$?1toolbox?1eml?1l@ 00000001800069a0     virtualBarsMEX_api.obj
 0002:000009d8       ??_C@_05PBJFFIGL@floor?$AA@ 00000001800069d8     virtualBarsMEX_api.obj
 0002:000009e0       ??_C@_0DI@KHEKJDFK@?$FLILXE?$FN$matlabroot$?1toolbox?1eml?1l@ 00000001800069e0     virtualBarsMEX_api.obj
 0002:00000a18       ??_C@_0BB@DKCPHGKF@eml_scalar_floor?$AA@ 0000000180006a18     virtualBarsMEX_api.obj
 0002:00000a30       ??_C@_0ED@BIIMGNAK@?$FLILXE?$FN$matlabroot$?1toolbox?1eml?1l@ 0000000180006a30     virtualBarsMEX_api.obj
 0002:00000a74       ??_C@_06PCBFLGP@mtimes?$AA@ 0000000180006a74     virtualBarsMEX_api.obj
 0002:00000a80       ??_C@_0DH@LODENFNP@?$FLILXE?$FN$matlabroot$?1toolbox?1eml?1l@ 0000000180006a80     virtualBarsMEX_api.obj
 0002:00000ac0       ??_C@_0EE@IHNMKGA@?$FLILXE?$FN$matlabroot$?1toolbox?1eml?1l@ 0000000180006ac0     virtualBarsMEX_api.obj
 0002:00000b10       ??_C@_0FB@BNILGHPG@?$FLILXE?$FN$matlabroot$?1toolbox?1eml?1l@ 0000000180006b10     virtualBarsMEX_api.obj
 0002:00000b70       ??_C@_0FL@GPBDMKGF@?$FLILXE?$FN$matlabroot$?1toolbox?1eml?1l@ 0000000180006b70     virtualBarsMEX_api.obj
 0002:00000bd0       ??_C@_0BA@BIKOLOKP@eml_index_minus?$AA@ 0000000180006bd0     virtualBarsMEX_api.obj
 0002:00000be0       ??_C@_0EA@FCCELNDI@?$FLILXE?$FN$matlabroot$?1toolbox?1eml?1l@ 0000000180006be0     virtualBarsMEX_api.obj
 0002:00000c20       ??_C@_0EP@LONMACPJ@?$FLILXE?$FN$matlabroot$?1toolbox?1eml?1l@ 0000000180006c20     virtualBarsMEX_api.obj
 0002:00000c70       ??_C@_0HF@KHPAKDPE@?$FLILXE?$FN$matlabroot$?1toolbox?1eml?1l@ 0000000180006c70     virtualBarsMEX_api.obj
 0002:00000ce8       ??_C@_06CFKOHMKF@intmax?$AA@ 0000000180006ce8     virtualBarsMEX_api.obj
 0002:00000cf0       ??_C@_0DJ@PBLDDNNK@?$FLILXE?$FN$matlabroot$?1toolbox?1eml?1l@ 0000000180006cf0     virtualBarsMEX_api.obj
 0002:00000d30       ??_C@_0P@DJHCLAEH@eml_index_plus?$AA@ 0000000180006d30     virtualBarsMEX_api.obj
 0002:00000d40       ??_C@_0DP@KEPDCHIB@?$FLILXE?$FN$matlabroot$?1toolbox?1eml?1l@ 0000000180006d40     virtualBarsMEX_api.obj
 0002:00000d80       ??_C@_0DH@FJGMMLJA@?$FLILXE?$FN$matlabroot$?1toolbox?1eml?1l@ 0000000180006d80     virtualBarsMEX_api.obj
 0002:00000db8       ??_C@_07JKKCBBMM@context?$AA@ 0000000180006db8     virtualBarsMEX_api.obj
 0002:00000dc0       ??_C@_04MEMAJGDJ@name?$AA@ 0000000180006dc0     virtualBarsMEX_api.obj
 0002:00000dc8       ??_C@_0N@IGLAPNJK@dominantType?$AA@ 0000000180006dc8     virtualBarsMEX_api.obj
 0002:00000dd8       ??_C@_08CGJBBLIA@resolved?$AA@ 0000000180006dd8     virtualBarsMEX_api.obj
 0002:00000de8       ??_C@_0L@CNGJMFIK@fileTimeLo?$AA@ 0000000180006de8     virtualBarsMEX_api.obj
 0002:00000df8       ??_C@_0L@HMDKMKNA@fileTimeHi?$AA@ 0000000180006df8     virtualBarsMEX_api.obj
 0002:00000e08       ??_C@_0M@NFKFADI@mFileTimeLo?$AA@ 0000000180006e08     virtualBarsMEX_api.obj
 0002:00000e18       ??_C@_0M@FMAJFPGC@mFileTimeHi?$AA@ 0000000180006e18     virtualBarsMEX_api.obj
 0002:00000e24       ??_C@_03JEAMEGCE@inc?$AA@  0000000180006e24     virtualBarsMEX_api.obj
 0002:00000e28       ??_C@_0CC@IMHDKEMC@EMLRT?3runTime?3WrongNumberOfInput@ 0000000180006e28     virtualBarsMEX_mex.obj
 0002:00000e50       ??_C@_0CF@OIONOIOI@EMLRT?3runTime?3TooManyOutputArgum@ 0000000180006e50     virtualBarsMEX_mex.obj
 0002:00000e78       ??_C@_07NGFJPNPN@Version?$AA@ 0000000180006e78     virtualBarsMEX_mex.obj
 0002:00000e80       ??_C@_0BC@PFKIGKIM@ResolvedFunctions?$AA@ 0000000180006e80     virtualBarsMEX_mex.obj
 0002:00000e98       ??_C@_0M@HOOGCLMJ@EntryPoints?$AA@ 0000000180006e98     virtualBarsMEX_mex.obj
 0002:00000ea4       ??_C@_04FABLJDN@Name?$AA@  0000000180006ea4     virtualBarsMEX_mex.obj
 0002:00000eb0       ??_C@_0P@DJPKAEOC@NumberOfInputs?$AA@ 0000000180006eb0     virtualBarsMEX_mex.obj
 0002:00000ec0       ??_C@_0BA@HBLCOFA@NumberOfOutputs?$AA@ 0000000180006ec0     virtualBarsMEX_mex.obj
 0002:00000ed0       ??_C@_0P@FDPDNMBC@ConstantInputs?$AA@ 0000000180006ed0     virtualBarsMEX_mex.obj
 0002:00000ee0       ??_C@_0BD@BMDBANMC@8?41?40?4604?5?$CIR2013a?$CJ?$AA@ 0000000180006ee0     virtualBarsMEX_mex.obj
 0002:00000ef8       __real@4000000000000000    0000000180006ef8     virtualBarsMEX_mex.obj
 0002:00000f00       _pDefaultRawDllMain        0000000180006f00     MSVCRT:crtdll.obj
 0002:00000f00       _pRawDllMain               0000000180006f00     MSVCRT:crtdll.obj
 0002:00000f20       _load_config_used          0000000180006f20     MSVCRT:loadcfg.obj
 0002:00000f90       __rtc_iaa                  0000000180006f90     MSVCRT:initsect.obj
 0002:00000f98       __rtc_izz                  0000000180006f98     MSVCRT:initsect.obj
 0002:00000fa0       __rtc_taa                  0000000180006fa0     MSVCRT:initsect.obj
 0002:00000fa8       __rtc_tzz                  0000000180006fa8     MSVCRT:initsect.obj
 0002:00001238       __IMPORT_DESCRIPTOR_libmx  0000000180007238     libmx:libmx.dll
 0002:0000124c       __IMPORT_DESCRIPTOR_libmex 000000018000724c     libmex:libmex.dll
 0002:00001260       __IMPORT_DESCRIPTOR_libemlrt 0000000180007260     libemlrt:libemlrt.dll
 0002:00001274       __IMPORT_DESCRIPTOR_libmwmathutil 0000000180007274     libmwmathutil:libmwmathutil.dll
 0002:00001288       __IMPORT_DESCRIPTOR_MSVCR110 0000000180007288     MSVCRT:MSVCR110.dll
 0002:0000129c       __IMPORT_DESCRIPTOR_KERNEL32 000000018000729c     kernel32:KERNEL32.dll
 0002:000012b0       __NULL_IMPORT_DESCRIPTOR   00000001800072b0     libmx:libmx.dll
 0003:00000000       k_emlrtRSI                 0000000180008000     virtualBarsMEX_data.obj
 0003:00000018       g_emlrtMCI                 0000000180008018     virtualBarsMEX_data.obj
 0003:00000030       h_emlrtMCI                 0000000180008030     virtualBarsMEX_data.obj
 0003:00000480       emlrtContextGlobal         0000000180008480     virtualBarsMEX_mex.obj
 0003:000004c0       __security_cookie          00000001800084c0     MSVCRT:gs_cookie.obj
 0003:000004c8       __security_cookie_complement 00000001800084c8     MSVCRT:gs_cookie.obj
 0003:000004d0       _fltused                   00000001800084d0     MSVCRT:dllsupp.obj
 0003:000004d4       __native_dllmain_reason    00000001800084d4     MSVCRT:natstart.obj
 0003:000004e0       emlrtRootTLSGlobal         00000001800084e0     virtualBarsMEX_mex.obj
 0003:00000a68       ?__type_info_root_node@@3U__type_info_node@@A 0000000180008a68     MSVCRT:tncleanup.obj
 0003:00000a78       emlrtBreakCheckR2012bFlagVar 0000000180008a78     <common>
 0003:00000a80       __native_startup_lock      0000000180008a80     <common>
 0003:00000a88       __native_startup_state     0000000180008a88     <common>
 0003:00000a90       __onexitend                0000000180008a90     <common>
 0003:00000a98       __onexitbegin              0000000180008a98     <common>
 0003:00000aa0       __dyn_tls_init_callback    0000000180008aa0     <common>

 entry point at        0001:000043d4

 Static symbols

 0001:000000d0       eml_null_assignment        00000001800010d0 f   virtualBarsMEX.obj
 0001:000007d0       emlrt_marshallIn           00000001800017d0 f   virtualBarsMEX.obj
 0001:00002e70       c_emlrt_marshallIn         0000000180003e70 f   virtualBarsMEX_api.obj
 0001:00002f80       e_emlrt_marshallIn         0000000180003f80 f   virtualBarsMEX_api.obj
 0001:00003360       info_helper                0000000180004360 f   virtualBarsMEX_api.obj
 0001:00003e10       virtualBarsMEX_mexFunction 0000000180004e10 f   virtualBarsMEX_mex.obj
 0001:000040f0       $$000000                   00000001800050f0     MSVCRT:amdsecgs.obj
 0001:00004128       pre_c_init                 0000000180005128 f   MSVCRT:crtdll.obj
 0001:00004414       __DllMainCRTStartup        0000000180005414 f   MSVCRT:crtdll.obj
 0001:00004a00       __DllMainCRTStartup$filt$0 0000000180005a00 f   MSVCRT:crtdll.obj
 0001:00004a25       __DllMainCRTStartup$fin$1  0000000180005a25 f   MSVCRT:crtdll.obj
 0001:00004a40       _IsNonwritableInCurrentImage$filt$0 0000000180005a40 f   MSVCRT:pesect.obj
 0001:00004a60       _onexit$fin$0              0000000180005a60 f   MSVCRT:atonexit.obj
 0002:000002b8       pcinit                     00000001800062b8     MSVCRT:crtdll.obj
 0002:000002c0       pinit                      00000001800062c0     MSVCRT:atonexit.obj
 0002:00000480       ?iv11@?1??eml_null_assignment@@9@9 0000000180006480     virtualBarsMEX.obj
 0002:00000488       ?cv8@?1??eml_null_assignment@@9@9 0000000180006488     virtualBarsMEX.obj
 0002:000004a8       ?iv0@?1??virtualBarsMEX@@9@9 00000001800064a8     virtualBarsMEX.obj
 0002:000004b0       ?cv1@?1??virtualBarsMEX@@9@9 00000001800064b0     virtualBarsMEX.obj
 0002:000004b4       ?cv4@?1??virtualBarsMEX@@9@9 00000001800064b4     virtualBarsMEX.obj
 0002:000004b8       ?iv1@?1??virtualBarsMEX@@9@9 00000001800064b8     virtualBarsMEX.obj
 0002:000004c0       ?cv3@?1??virtualBarsMEX@@9@9 00000001800064c0     virtualBarsMEX.obj
 0002:000004c8       ?iv2@?1??virtualBarsMEX@@9@9 00000001800064c8     virtualBarsMEX.obj
 0002:000004d0       ?iv3@?1??virtualBarsMEX@@9@9 00000001800064d0     virtualBarsMEX.obj
 0002:000004d8       ?iv4@?1??virtualBarsMEX@@9@9 00000001800064d8     virtualBarsMEX.obj
 0002:000004e0       ?cv6@?1??virtualBarsMEX@@9@9 00000001800064e0     virtualBarsMEX.obj
 0002:00000578       ?iv6@?1??emlrt_marshallOut@@9@9 0000000180006578     virtualBarsMEX_api.obj
 0002:00000f08       GS_ExceptionPointers       0000000180006f08     MSVCRT:gs_report.obj
 0002:00000fb0       $unwind$virtualBarsMEX_terminate 0000000180006fb0     virtualBarsMEX_terminate.obj
 0002:00000fb0       $unwind$__GSHandlerCheck   0000000180006fb0     virtualBarsMEX_terminate.obj
 0002:00000fb0       $unwind$DllMain            0000000180006fb0     virtualBarsMEX_terminate.obj
 0002:00000fb0       $unwind$virtualBarsMEX_atexit 0000000180006fb0     virtualBarsMEX_terminate.obj
 0002:00000fb0       $unwind$atexit             0000000180006fb0     virtualBarsMEX_terminate.obj
 0002:00000fb8       $unwind$virtualBarsMEX     0000000180006fb8     virtualBarsMEX.obj
 0002:00000fd8       $chain$7$virtualBarsMEX    0000000180006fd8     virtualBarsMEX.obj
 0002:00001008       $chain$8$virtualBarsMEX    0000000180007008     virtualBarsMEX.obj
 0002:00001018       $unwind$eml_null_assignment 0000000180007018     virtualBarsMEX.obj
 0002:00001038       $chain$0$eml_null_assignment 0000000180007038     virtualBarsMEX.obj
 0002:0000104c       $chain$1$eml_null_assignment 000000018000704c     virtualBarsMEX.obj
 0002:0000105c       $chain$2$eml_null_assignment 000000018000705c     virtualBarsMEX.obj
 0002:00001070       $chain$3$eml_null_assignment 0000000180007070     virtualBarsMEX.obj
 0002:00001080       $unwind$c_emlrt_marshallIn 0000000180007080     virtualBarsMEX.obj
 0002:00001080       $unwind$emlrt_marshallIn   0000000180007080     virtualBarsMEX.obj
 0002:00001088       $unwind$emlrtMexFcnResolvedFunctionsInfo 0000000180007088     virtualBarsMEX_api.obj
 0002:000010ac       $unwind$virtualBarsMEX_api 00000001800070ac     virtualBarsMEX_api.obj
 0002:000010b8       $unwind$e_emlrt_marshallIn 00000001800070b8     virtualBarsMEX_api.obj
 0002:000010c4       $unwind$info_helper        00000001800070c4     virtualBarsMEX_api.obj
 0002:000010dc       $unwind$emxEnsureCapacity  00000001800070dc     virtualBarsMEX_emxutil.obj
 0002:000010f4       $chain$0$emxEnsureCapacity 00000001800070f4     virtualBarsMEX_emxutil.obj
 0002:00001108       $chain$1$emxEnsureCapacity 0000000180007108     virtualBarsMEX_emxutil.obj
 0002:00001118       $unwind$b_emxInit_real_T   0000000180007118     virtualBarsMEX_emxutil.obj
 0002:00001118       $unwind$emxInit_real_T     0000000180007118     virtualBarsMEX_emxutil.obj
 0002:00001118       $unwind$mexFunction        0000000180007118     virtualBarsMEX_emxutil.obj
 0002:0000112c       $unwind$virtualBarsMEX_mexFunction 000000018000712c     virtualBarsMEX_mex.obj
 0002:00001144       $unwind$emlrtMexFcnProperties 0000000180007144     virtualBarsMEX_mex.obj
 0002:00001158       $xdatasym                  0000000180007158     MSVCRT:amdsecgs.obj
 0002:0000115c       $unwind$_CRT_INIT          000000018000715c     MSVCRT:crtdll.obj
 0002:00001178       $unwind$emxFree_real_T     0000000180007178     MSVCRT:crtdll.obj
 0002:00001178       $unwind$pre_c_init         0000000180007178     MSVCRT:crtdll.obj
 0002:00001178       $unwind$__GSHandlerCheckCommon 0000000180007178     MSVCRT:crtdll.obj
 0002:00001178       $unwind$__atonexitinit     0000000180007178     MSVCRT:crtdll.obj
 0002:00001178       $unwind$virtualBarsMEX_initialize 0000000180007178     MSVCRT:crtdll.obj
 0002:00001178       $unwind$__raise_securityfailure 0000000180007178     MSVCRT:crtdll.obj
 0002:00001180       $unwind$__DllMainCRTStartup 0000000180007180     MSVCRT:crtdll.obj
 0002:000011bc       $unwind$_DllMainCRTStartup 00000001800071bc     MSVCRT:crtdll.obj
 0002:000011cc       $unwind$__report_gsfailure 00000001800071cc     MSVCRT:gs_report.obj
 0002:000011d4       $unwind$_IsNonwritableInCurrentImage 00000001800071d4     MSVCRT:pesect.obj
 0002:000011f8       $unwind$_IsNonwritableInCurrentImage$filt$0 00000001800071f8     MSVCRT:pesect.obj
 0002:000011f8       $unwind$__DllMainCRTStartup$fin$1 00000001800071f8     MSVCRT:pesect.obj
 0002:000011f8       $unwind$__DllMainCRTStartup$filt$0 00000001800071f8     MSVCRT:pesect.obj
 0002:000011f8       $unwind$_onexit$fin$0      00000001800071f8     MSVCRT:pesect.obj
 0002:00001200       $unwind$_onexit            0000000180007200     MSVCRT:atonexit.obj
 0002:00001220       $unwind$__security_init_cookie 0000000180007220     MSVCRT:gs_support.obj
 0002:0000122c       $unwind$_RTC_Terminate     000000018000722c     MSVCRT:initsect.obj
 0002:0000122c       $unwind$_RTC_Initialize    000000018000722c     MSVCRT:initsect.obj
 0002:00001686       .idata$6                   0000000180007686     libmx:libmx.dll
 0002:0000169c       .idata$6                   000000018000769c     libmex:libmex.dll
 0002:00001a50       .idata$6                   0000000180007a50     libemlrt:libemlrt.dll
 0002:00001a74       .idata$6                   0000000180007a74     libmwmathutil:libmwmathutil.dll
 0002:00001a90       .idata$6                   0000000180007a90     MSVCRT:MSVCR110.dll
 0002:00001c94       .idata$6                   0000000180007c94     kernel32:KERNEL32.dll
 0002:00001cb0       .edata                     0000000180007cb0     virtualBarsMEX_mex.exp
 0002:00001cd8       rgpv                       0000000180007cd8     virtualBarsMEX_mex.exp
 0002:00001cec       rgszName                   0000000180007cec     virtualBarsMEX_mex.exp
 0002:00001d00       rgwOrd                     0000000180007d00     virtualBarsMEX_mex.exp
 0002:00001d0a       szName                     0000000180007d0a     virtualBarsMEX_mex.exp
 0002:00001d24       $N00001                    0000000180007d24     virtualBarsMEX_mex.exp
 0002:00001d3a       $N00002                    0000000180007d3a     virtualBarsMEX_mex.exp
 0002:00001d46       $N00003                    0000000180007d46     virtualBarsMEX_mex.exp
 0002:00001d55       $N00004                    0000000180007d55     virtualBarsMEX_mex.exp
 0002:00001d6f       $N00005                    0000000180007d6f     virtualBarsMEX_mex.exp
 0003:00000048       emlrtRSI                   0000000180008048     virtualBarsMEX.obj
 0003:00000060       b_emlrtRSI                 0000000180008060     virtualBarsMEX.obj
 0003:00000078       c_emlrtRSI                 0000000180008078     virtualBarsMEX.obj
 0003:00000090       d_emlrtRSI                 0000000180008090     virtualBarsMEX.obj
 0003:000000a8       e_emlrtRSI                 00000001800080a8     virtualBarsMEX.obj
 0003:000000c0       f_emlrtRSI                 00000001800080c0     virtualBarsMEX.obj
 0003:000000d8       g_emlrtRSI                 00000001800080d8     virtualBarsMEX.obj
 0003:000000f0       h_emlrtRSI                 00000001800080f0     virtualBarsMEX.obj
 0003:00000108       i_emlrtRSI                 0000000180008108     virtualBarsMEX.obj
 0003:00000120       j_emlrtRSI                 0000000180008120     virtualBarsMEX.obj
 0003:00000138       l_emlrtRSI                 0000000180008138     virtualBarsMEX.obj
 0003:00000150       emlrtMCI                   0000000180008150     virtualBarsMEX.obj
 0003:00000168       b_emlrtMCI                 0000000180008168     virtualBarsMEX.obj
 0003:00000180       c_emlrtMCI                 0000000180008180     virtualBarsMEX.obj
 0003:00000198       d_emlrtMCI                 0000000180008198     virtualBarsMEX.obj
 0003:000001b0       e_emlrtMCI                 00000001800081b0     virtualBarsMEX.obj
 0003:000001c8       f_emlrtMCI                 00000001800081c8     virtualBarsMEX.obj
 0003:000001e0       i_emlrtMCI                 00000001800081e0     virtualBarsMEX.obj
 0003:000001f8       emlrtRTEI                  00000001800081f8     virtualBarsMEX.obj
 0003:00000210       b_emlrtRTEI                0000000180008210     virtualBarsMEX.obj
 0003:00000228       c_emlrtRTEI                0000000180008228     virtualBarsMEX.obj
 0003:00000240       d_emlrtRTEI                0000000180008240     virtualBarsMEX.obj
 0003:00000258       e_emlrtRTEI                0000000180008258     virtualBarsMEX.obj
 0003:00000270       emlrtECI                   0000000180008270     virtualBarsMEX.obj
 0003:00000290       b_emlrtECI                 0000000180008290     virtualBarsMEX.obj
 0003:000002b0       emlrtDCI                   00000001800082b0     virtualBarsMEX.obj
 0003:000002d0       emlrtBCI                   00000001800082d0     virtualBarsMEX.obj
 0003:00000300       c_emlrtECI                 0000000180008300     virtualBarsMEX.obj
 0003:00000320       b_emlrtDCI                 0000000180008320     virtualBarsMEX.obj
 0003:00000340       b_emlrtBCI                 0000000180008340     virtualBarsMEX.obj
 0003:00000370       d_emlrtECI                 0000000180008370     virtualBarsMEX.obj
 0003:00000390       c_emlrtBCI                 0000000180008390     virtualBarsMEX.obj
 0003:000003c0       d_emlrtBCI                 00000001800083c0     virtualBarsMEX.obj
 0003:000003f0       c_emlrtDCI                 00000001800083f0     virtualBarsMEX.obj
 0003:00000410       e_emlrtBCI                 0000000180008410     virtualBarsMEX.obj
 0003:00000440       d_emlrtDCI                 0000000180008440     virtualBarsMEX.obj
 0003:00000460       f_emlrtRTEI                0000000180008460     virtualBarsMEX_api.obj
 0003:000004e8       __proc_attached            00000001800084e8     MSVCRT:crtdll.obj
 0003:000004f0       GS_ExceptionRecord         00000001800084f0     MSVCRT:gs_report.obj
 0003:00000590       GS_ContextRecord           0000000180008590     MSVCRT:gs_report.obj
 0003:00000a60       DebuggerWasPresent         0000000180008a60     MSVCRT:gs_report.obj
 0004:00000000       $pdata$virtualBarsMEX_initialize 0000000180009000     virtualBarsMEX_initialize.obj
 0004:0000000c       $pdata$virtualBarsMEX_atexit 000000018000900c     virtualBarsMEX_terminate.obj
 0004:00000018       $pdata$virtualBarsMEX_terminate 0000000180009018     virtualBarsMEX_terminate.obj
 0004:00000024       $pdata$eml_null_assignment 0000000180009024     virtualBarsMEX.obj
 0004:00000030       $pdata$0$eml_null_assignment 0000000180009030     virtualBarsMEX.obj
 0004:0000003c       $pdata$1$eml_null_assignment 000000018000903c     virtualBarsMEX.obj
 0004:00000048       $pdata$2$eml_null_assignment 0000000180009048     virtualBarsMEX.obj
 0004:00000054       $pdata$3$eml_null_assignment 0000000180009054     virtualBarsMEX.obj
 0004:00000060       $pdata$emlrt_marshallIn    0000000180009060     virtualBarsMEX.obj
 0004:0000006c       $pdata$virtualBarsMEX      000000018000906c     virtualBarsMEX.obj
 0004:00000078       $pdata$7$virtualBarsMEX    0000000180009078     virtualBarsMEX.obj
 0004:00000084       $pdata$8$virtualBarsMEX    0000000180009084     virtualBarsMEX.obj
 0004:00000090       $pdata$c_emlrt_marshallIn  0000000180009090     virtualBarsMEX_api.obj
 0004:0000009c       $pdata$e_emlrt_marshallIn  000000018000909c     virtualBarsMEX_api.obj
 0004:000000a8       $pdata$emlrtMexFcnResolvedFunctionsInfo 00000001800090a8     virtualBarsMEX_api.obj
 0004:000000b4       $pdata$info_helper         00000001800090b4     virtualBarsMEX_api.obj
 0004:000000c0       $pdata$virtualBarsMEX_api  00000001800090c0     virtualBarsMEX_api.obj
 0004:000000cc       $pdata$emxEnsureCapacity   00000001800090cc     virtualBarsMEX_emxutil.obj
 0004:000000d8       $pdata$0$emxEnsureCapacity 00000001800090d8     virtualBarsMEX_emxutil.obj
 0004:000000e4       $pdata$1$emxEnsureCapacity 00000001800090e4     virtualBarsMEX_emxutil.obj
 0004:000000f0       $pdata$emxFree_real_T      00000001800090f0     virtualBarsMEX_emxutil.obj
 0004:000000fc       $pdata$b_emxInit_real_T    00000001800090fc     virtualBarsMEX_emxutil.obj
 0004:000000fc       $pdata$emxInit_real_T      00000001800090fc     virtualBarsMEX_emxutil.obj
 0004:00000108       $pdata$emlrtMexFcnProperties 0000000180009108     virtualBarsMEX_mex.obj
 0004:00000114       $pdata$mexFunction         0000000180009114     virtualBarsMEX_mex.obj
 0004:00000120       $pdata$virtualBarsMEX_mexFunction 0000000180009120     virtualBarsMEX_mex.obj
 0004:0000012c       $pdata$__GSHandlerCheck    000000018000912c     MSVCRT:gshandler.obj
 0004:00000138       $pdata$__GSHandlerCheckCommon 0000000180009138     MSVCRT:gshandler.obj
 0004:00000150       $pdata$pre_c_init          0000000180009150     MSVCRT:crtdll.obj
 0004:0000015c       $pdata$_CRT_INIT           000000018000915c     MSVCRT:crtdll.obj
 0004:00000168       $pdata$_DllMainCRTStartup  0000000180009168     MSVCRT:crtdll.obj
 0004:00000174       $pdata$__DllMainCRTStartup 0000000180009174     MSVCRT:crtdll.obj
 0004:00000180       $pdata$__raise_securityfailure 0000000180009180     MSVCRT:gs_report.obj
 0004:0000018c       $pdata$__report_gsfailure  000000018000918c     MSVCRT:gs_report.obj
 0004:00000198       $pdata$_IsNonwritableInCurrentImage 0000000180009198     MSVCRT:pesect.obj
 0004:000001a4       $pdata$__atonexitinit      00000001800091a4     MSVCRT:atonexit.obj
 0004:000001b0       $pdata$_onexit             00000001800091b0     MSVCRT:atonexit.obj
 0004:000001bc       $pdata$atexit              00000001800091bc     MSVCRT:atonexit.obj
 0004:000001c8       $pdata$__security_init_cookie 00000001800091c8     MSVCRT:gs_support.obj
 0004:000001d4       $pdata$DllMain             00000001800091d4     MSVCRT:dllmain.obj
 0004:000001e0       $pdata$_RTC_Initialize     00000001800091e0     MSVCRT:initsect.obj
 0004:000001ec       $pdata$_RTC_Terminate      00000001800091ec     MSVCRT:initsect.obj
 0004:000001f8       $pdata$__DllMainCRTStartup$filt$0 00000001800091f8     MSVCRT:crtdll.obj
 0004:00000204       $pdata$__DllMainCRTStartup$fin$1 0000000180009204     MSVCRT:crtdll.obj
 0004:00000210       $pdata$_IsNonwritableInCurrentImage$filt$0 0000000180009210     MSVCRT:pesect.obj
 0004:0000021c       $pdata$_onexit$fin$0       000000018000921c     MSVCRT:atonexit.obj
